2018-03-17 14:14    this lone is a log msg
2018-03-17 14:14    this is second log
2018-03-17 15:32    this lone is a log msg
2018-03-17 15:32    this is second log
2018-03-17 15:32    this lone is a log msg
2018-03-17 15:32    this is second log
